// Vitest Snapshot v1, https://vitest.dev/guide/snapshot.html

exports[`support baseUrl and paths in tsconfig.json 1`] = `
"var __defProp = Object.defineProperty;
var __getOwnPropDesc = Object.getOwnPropertyDescriptor;
var __getOwnPropNames = Object.getOwnPropertyNames;
var __hasOwnProp = Object.prototype.hasOwnProperty;
var __export = (target, all) => {
  for (var name in all)
    __defProp(target, name, { get: all[name], enumerable: true });
};
var __copyProps = (to, from, except, desc) => {
  if (from && typeof from === "object" || typeof from === "function") {
    for (let key of __getOwnPropNames(from))
      if (!__hasOwnProp.call(to, key) && key !== except)
        __defProp(to, key, { get: () => from[key], enumerable: !(desc = __getOwnPropDesc(from, key)) || desc.enumerable });
  }
  return to;
};
var __toCommonJS = (mod) => __copyProps(__defProp({}, "__esModule", { value: true }), mod);

// input.ts
var input_exports = {};
__export(input_exports, {
  foo: () => foo
});
module.exports = __toCommonJS(input_exports);

// foo.ts
var foo = "foo";
// Annotate the CommonJS export names for ESM import in node:
0 && (module.exports = {
  foo
});
"
`;

exports[`support baseUrl and paths in tsconfig.json in --dts build 1`] = `
"declare const foo = "foo";

export { foo };
"
`;

exports[`support baseUrl and paths in tsconfig.json in --dts-resolve build 1`] = `
"declare const foo = "foo";

export { foo };
"
`;
